// Jest Snapshot v1, https://goo.gl/fbAQLP

exports[`renders BookAppointment component with Calendly inline widget 1`] = `[Function]`;
