// Jest Snapshot v1, https://goo.gl/fbAQLP

exports[`submits the form with user input 1`] = `[Function]`;
