// Jest Snapshot v1, https://goo.gl/fbAQLP

exports[`renders Services section with correct content 1`] = `
<div>
  <div
    class="container-xl mx-auto py-10 lg:py-32"
    data-testid="service-section"
    name="section4"
    style="background-image: url(services_background_image_lap.svg); background-repeat: no-repeat; background-size: cover; background-color: rgba(0, 0, 0, 0.9);"
  >
    <div>
      <div
        class="flex justify-center"
      >
        <div>
          <img
            alt="service-logo"
            class="mx-auto h-24 rounded-full sm:mx-0 sm:shrink-0"
            src="Button-3.svg"
          />
        </div>
        <h1
          class="text-4xl text-bold pb-6"
        >
          Services
        </h1>
      </div>
    </div>
    <div
      class="container mx-auto p-8 md:p-20"
    >
      <div
        class="relative flex flex-wrap w-full lg:justify-center lg:space-x-6 "
      >
        <div
          class="w-full  rounded-xl overflow-hidden shadow-xl p-5 xl:px-10  mt-10 lg:mt-0 mr-6 lg:mr-0 md:w-2/5 lg:w-1/4  bg-[#292A3C] opacity-80"
        >
          <div
            class="flex justify-between"
          >
            <h1
              class="font-bold text-xl"
            >
              Service 1
            </h1>
            <img
              alt="service_image"
              class=" w-[64px] h-[64px]"
              src="Image 1"
            />
          </div>
          <div
            class="flex-grow border-t border-[#9932CC] shadow-xl"
          />
          <h3
            class="py-5"
          >
            Name 1
          </h3>
          <p>
            Description 1
          </p>
        </div>
        <div
          class="w-full  rounded-xl overflow-hidden shadow-xl p-5 xl:px-10  mt-10 lg:mt-0 mr-6 lg:mr-0 md:w-2/5 lg:w-1/4  bg-[#292A3C] opacity-80"
        >
          <div
            class="flex justify-between"
          >
            <h1
              class="font-bold text-xl"
            >
              Service 2
            </h1>
            <img
              alt="service_image"
              class=" w-[64px] h-[64px]"
              src="Image 2"
            />
          </div>
          <div
            class="flex-grow border-t border-[#9932CC] shadow-xl"
          />
          <h3
            class="py-5"
          >
            Name 2
          </h3>
          <p>
            Description 2
          </p>
        </div>
        <div
          class="w-full  rounded-xl overflow-hidden shadow-xl p-5 xl:px-10  mt-10 lg:mt-0 mr-6 lg:mr-0 md:w-2/5 lg:w-1/4  bg-[#292A3C] opacity-80"
        >
          <div
            class="flex justify-between"
          >
            <h1
              class="font-bold text-xl"
            >
              Service 3
            </h1>
            <img
              alt="service_image"
              class=" w-[64px] h-[64px]"
              src="Image 3"
            />
          </div>
          <div
            class="flex-grow border-t border-[#9932CC] shadow-xl"
          />
          <h3
            class="py-5"
          >
            Name 3
          </h3>
          <p>
            Description 3
          </p>
        </div>
      </div>
    </div>
  </div>
</div>
`;
